Feb 11 13:25:32 linux_server kernel: [    0.000000] Linux version 4.15.0-74-generic (buildd@lcy01-amd64-022) (gcc version 7.4.0 (Ubuntu 7.4.0-1ubuntu1~18.04.1)) #84-Ubuntu SMP Thu Dec 19 08:06:28 UTC 2019 (Ubuntu 4.15.0-74.84-generic 4.15.18)
Feb 11 13:25:32 linux_server kernel: [    0.000000] Command line: BOOT_IMAGE=/boot/vmlinuz-4.15.0-74-generic root=UUID=9cb14e12-e8b4-4fb5-8e22-c6fe0a0e0620 ro maybe-ubiquity
Feb 11 13:25:32 linux_server kernel: [    0.000000] KERNEL supported cpus:
Feb 11 13:25:32 linux_server kernel: [    0.000000]   Intel GenuineIntel
Feb 11 13:25:32 linux_server kernel: [    0.000000]   AMD AuthenticAMD
Feb 11 13:25:32 linux_server kernel: [    0.000000]   Centaur CentaurHauls
Feb 11 13:25:32 linux_server kernel: [    0.000000] [Firmware Bug]: TSC doesn't count with P0 frequency!
Feb 11 13:25:32 linux_server kernel: [    0.000000] x86/fpu: Supporting XSAVE feature 0x001: 'x87 floating point registers'
Feb 11 13:25:32 linux_server kernel: [    0.000000] x86/fpu: Supporting XSAVE feature 0x002: 'SSE registers'
Feb 11 13:25:32 linux_server kernel: [    0.000000] x86/fpu: Supporting XSAVE feature 0x004: 'AVX registers'
Feb 11 13:25:32 linux_server kernel: [    0.000000] x86/fpu: xstate_offset[2]:  576, xstate_sizes[2]:  256
Feb 11 13:25:32 linux_server kernel: [    0.000000] x86/fpu: Enabled xstate features 0x7, context size is 832 bytes, using 'standard' format.
Feb 11 13:25:32 linux_server kernel: [    0.000000] e820: BIOS-provided physical RAM map:
Feb 11 13:25:32 linux_server kernel: [    0.000000] BIOS-e820: [mem 0x0000000000000000-0x000000000009fbff] usable
Feb 11 13:25:32 linux_server kernel: [    0.000000] BIOS-e820: [mem 0x000000000009fc00-0x000000000009ffff] reserved
Feb 11 13:25:32 linux_server kernel: [    0.000000] BIOS-e820: [mem 0x00000000000f0000-0x00000000000fffff] reserved
Feb 11 13:25:32 linux_server kernel: [    0.000000] BIOS-e820: [mem 0x0000000000100000-0x000000003ffeffff] usable
Feb 11 13:25:32 linux_server kernel: [    0.000000] BIOS-e820: [mem 0x000000003fff0000-0x000000003fffffff] ACPI data
Feb 11 13:25:32 linux_server kernel: [    0.000000] BIOS-e820: [mem 0x00000000fec00000-0x00000000fec00fff] reserved
Feb 11 13:25:32 linux_server kernel: [    0.000000] BIOS-e820: [mem 0x00000000fee00000-0x00000000fee00fff] reserved
Feb 11 13:25:32 linux_server kernel: [    0.000000] BIOS-e820: [mem 0x00000000fffc0000-0x00000000ffffffff] reserved
Feb 11 13:25:32 linux_server kernel: [    0.000000] NX (Execute Disable) protection: active
Feb 11 13:25:32 linux_server kernel: [    0.000000] SMBIOS 2.5 present.
Feb 11 13:25:32 linux_server kernel: [    0.000000] DMI: innotek GmbH VirtualBox/VirtualBox, BIOS VirtualBox 12/01/2006
Feb 11 13:25:32 linux_server kernel: [    0.000000] Hypervisor detected: KVM
Feb 11 13:25:32 linux_server kernel: [    0.000000] e820: update [mem 0x00000000-0x00000fff] usable ==> reserved
Feb 11 13:25:32 linux_server kernel: [    0.000000] e820: remove [mem 0x000a0000-0x000fffff] usable
Feb 11 13:25:32 linux_server kernel: [    0.000000] e820: last_pfn = 0x3fff0 max_arch_pfn = 0x400000000
Feb 11 13:25:32 linux_server kernel: [    0.000000] MTRR default type: uncachable
Feb 11 13:25:32 linux_server kernel: [    0.000000] MTRR variable ranges disabled:
Feb 11 13:25:32 linux_server kernel: [    0.000000] MTRR: Disabled
Feb 11 13:25:32 linux_server kernel: [    0.000000] x86/PAT: MTRRs disabled, skipping PAT initialization too.
Feb 11 13:25:32 linux_server kernel: [    0.000000] CPU MTRRs all blank - virtualized system.
Feb 11 13:25:32 linux_server kernel: [    0.000000] x86/PAT: Configuration [0-7]: WB  WT  UC- UC  WB  WT  UC- UC  
Feb 11 13:25:32 linux_server kernel: [    0.000000] found SMP MP-table at [mem 0x0009fff0-0x0009ffff]
Feb 11 13:25:32 linux_server kernel: [    0.000000] Scanning 1 areas for low memory corruption
Feb 11 13:25:32 linux_server kernel: [    0.000000] BRK [0x2c38e000, 0x2c38efff] PGTABLE
Feb 11 13:25:32 linux_server kernel: [    0.000000] BRK [0x2c38f000, 0x2c38ffff] PGTABLE
Feb 11 13:25:32 linux_server kernel: [    0.000000] BRK [0x2c390000, 0x2c390fff] PGTABLE
Feb 11 13:25:32 linux_server kernel: [    0.000000] BRK [0x2c391000, 0x2c391fff] PGTABLE
Feb 11 13:25:32 linux_server kernel: [    0.000000] BRK [0x2c392000, 0x2c392fff] PGTABLE
Feb 11 13:25:32 linux_server kernel: [    0.000000] RAMDISK: [mem 0x30a21000-0x34507fff]
Feb 11 13:25:32 linux_server kernel: [    0.000000] ACPI: Early table checksum verification disabled
Feb 11 13:25:32 linux_server kernel: [    0.000000] ACPI: RSDP 0x00000000000E0000 000024 (v02 VBOX  )
Feb 11 13:25:32 linux_server kernel: [    0.000000] ACPI: XSDT 0x000000003FFF0030 00003C (v01 VBOX   VBOXXSDT 00000001 ASL  00000061)
Feb 11 13:25:32 linux_server kernel: [    0.000000] ACPI: FACP 0x000000003FFF00F0 0000F4 (v04 VBOX   VBOXFACP 00000001 ASL  00000061)
Feb 11 13:25:32 linux_server kernel: [    0.000000] ACPI: DSDT 0x000000003FFF0470 002325 (v02 VBOX   VBOXBIOS 00000002 INTL 20100528)
Feb 11 13:25:32 linux_server kernel: [    0.000000] ACPI: FACS 0x000000003FFF0200 000040
Feb 11 13:25:32 linux_server kernel: [    0.000000] ACPI: FACS 0x000000003FFF0200 000040
Feb 11 13:25:32 linux_server kernel: [    0.000000] ACPI: APIC 0x000000003FFF0240 000054 (v02 VBOX   VBOXAPIC 00000001 ASL  00000061)
Feb 11 13:25:32 linux_server kernel: [    0.000000] ACPI: SSDT 0x000000003FFF02A0 0001CC (v01 VBOX   VBOXCPUT 00000002 INTL 20100528)
Feb 11 13:25:32 linux_server kernel: [    0.000000] ACPI: Local APIC address 0xfee00000
Feb 11 13:25:32 linux_server kernel: [    0.000000] No NUMA configuration found
Feb 11 13:25:32 linux_server kernel: [    0.000000] Faking a node at [mem 0x0000000000000000-0x000000003ffeffff]
Feb 11 13:25:32 linux_server kernel: [    0.000000] NODE_DATA(0) allocated [mem 0x3ffc5000-0x3ffeffff]
Feb 11 13:25:32 linux_server kernel: [    0.000000] kvm-clock: cpu 0, msr 0:3ff44001, primary cpu clock
Feb 11 13:25:32 linux_server kernel: [    0.000000] kvm-clock: Using msrs 4b564d01 and 4b564d00
Feb 11 13:25:32 linux_server kernel: [    0.000000] kvm-clock: using sched offset of 38038113190 cycles
Feb 11 13:25:32 linux_server kernel: [    0.000000] clocksource: kvm-clock: mask: 0xffffffffffffffff max_cycles: 0x1cd42e4dffb, max_idle_ns: 881590591483 ns
Feb 11 13:25:32 linux_server kernel: [    0.000000] Zone ranges:
Feb 11 13:25:32 linux_server kernel: [    0.000000]   DMA      [mem 0x0000000000001000-0x0000000000ffffff]
Feb 11 13:25:32 linux_server kernel: [    0.000000]   DMA32    [mem 0x0000000001000000-0x000000003ffeffff]
Feb 11 13:25:32 linux_server kernel: [    0.000000]   Normal   empty
Feb 11 13:25:32 linux_server kernel: [    0.000000]   Device   empty
Feb 11 13:25:32 linux_server kernel: [    0.000000] Movable zone start for each node
Feb 11 13:25:32 linux_server kernel: [    0.000000] Early memory node ranges
Feb 11 13:25:32 linux_server kernel: [    0.000000]   node   0: [mem 0x0000000000001000-0x000000000009efff]
Feb 11 13:25:32 linux_server kernel: [    0.000000]   node   0: [mem 0x0000000000100000-0x000000003ffeffff]
Feb 11 13:25:32 linux_server kernel: [    0.000000] Reserved but unavailable: 98 pages
Feb 11 13:25:32 linux_server kernel: [    0.000000] Initmem setup node 0 [mem 0x0000000000001000-0x000000003ffeffff]
Feb 11 13:25:32 linux_server kernel: [    0.000000] On node 0 totalpages: 262030
Feb 11 13:25:32 linux_server kernel: [    0.000000]   DMA zone: 64 pages used for memmap
Feb 11 13:25:32 linux_server kernel: [    0.000000]   DMA zone: 21 pages reserved
Feb 11 13:25:32 linux_server kernel: [    0.000000]   DMA zone: 3998 pages, LIFO batch:0
Feb 11 13:25:32 linux_server kernel: [    0.000000]   DMA32 zone: 4032 pages used for memmap
Feb 11 13:25:32 linux_server kernel: [    0.000000]   DMA32 zone: 258032 pages, LIFO batch:31
Feb 11 13:25:32 linux_server kernel: [    0.000000] ACPI: PM-Timer IO Port: 0x4008
Feb 11 13:25:32 linux_server kernel: [    0.000000] ACPI: Local APIC address 0xfee00000
Feb 11 13:25:32 linux_server kernel: [    0.000000] IOAPIC[0]: apic_id 1, version 32, address 0xfec00000, GSI 0-23
Feb 11 13:25:32 linux_server kernel: [    0.000000] ACPI: INT_SRC_OVR (bus 0 bus_irq 0 global_irq 2 dfl dfl)
Feb 11 13:25:32 linux_server kernel: [    0.000000] ACPI: INT_SRC_OVR (bus 0 bus_irq 9 global_irq 9 low level)
Feb 11 13:25:32 linux_server kernel: [    0.000000] ACPI: IRQ0 used by override.
Feb 11 13:25:32 linux_server kernel: [    0.000000] ACPI: IRQ9 used by override.
Feb 11 13:25:32 linux_server kernel: [    0.000000] Using ACPI (MADT) for SMP configuration information
Feb 11 13:25:32 linux_server kernel: [    0.000000] smpboot: Allowing 1 CPUs, 0 hotplug CPUs
Feb 11 13:25:32 linux_server kernel: [    0.000000] PM: Registered nosave memory: [mem 0x00000000-0x00000fff]
Feb 11 13:25:32 linux_server kernel: [    0.000000] PM: Registered nosave memory: [mem 0x0009f000-0x0009ffff]
Feb 11 13:25:32 linux_server kernel: [    0.000000] PM: Registered nosave memory: [mem 0x000a0000-0x000effff]
Feb 11 13:25:32 linux_server kernel: [    0.000000] PM: Registered nosave memory: [mem 0x000f0000-0x000fffff]
Feb 11 13:25:32 linux_server kernel: [    0.000000] e820: [mem 0x40000000-0xfebfffff] available for PCI devices
Feb 11 13:25:32 linux_server kernel: [    0.000000] Booting paravirtualized kernel on KVM
Feb 11 13:25:32 linux_server kernel: [    0.000000] clocksource: refined-jiffies: mask: 0xffffffff max_cycles: 0xffffffff, max_idle_ns: 7645519600211568 ns
Feb 11 13:25:32 linux_server kernel: [    0.000000] random: get_random_bytes called from start_kernel+0x99/0x4fd with crng_init=0
Feb 11 13:25:32 linux_server kernel: [    0.000000] setup_percpu: NR_CPUS:8192 nr_cpumask_bits:1 nr_cpu_ids:1 nr_node_ids:1
Feb 11 13:25:32 linux_server kernel: [    0.000000] percpu: Embedded 45 pages/cpu s147456 r8192 d28672 u2097152
Feb 11 13:25:32 linux_server kernel: [    0.000000] pcpu-alloc: s147456 r8192 d28672 u2097152 alloc=1*2097152
Feb 11 13:25:32 linux_server kernel: [    0.000000] pcpu-alloc: [0] 0 
Feb 11 13:25:32 linux_server kernel: [    0.000000] PV qspinlock hash table entries: 256 (order: 0, 4096 bytes)
Feb 11 13:25:32 linux_server kernel: [    0.000000] Built 1 zonelists, mobility grouping on.  Total pages: 257913
Feb 11 13:25:32 linux_server kernel: [    0.000000] Policy zone: DMA32
Feb 11 13:25:32 linux_server kernel: [    0.000000] Kernel command line: BOOT_IMAGE=/boot/vmlinuz-4.15.0-74-generic root=UUID=9cb14e12-e8b4-4fb5-8e22-c6fe0a0e0620 ro maybe-ubiquity
Feb 11 13:25:32 linux_server kernel: [    0.000000] Calgary: detecting Calgary via BIOS EBDA area
Feb 11 13:25:32 linux_server kernel: [    0.000000] Calgary: Unable to locate Rio Grande table in EBDA - bailing!
Feb 11 13:25:32 linux_server kernel: [    0.000000] Memory: 942144K/1048120K available (12300K kernel code, 2481K rwdata, 4260K rodata, 2428K init, 2704K bss, 105976K reserved, 0K cma-reserved)
Feb 11 13:25:32 linux_server kernel: [    0.000000] SLUB: HWalign=64, Order=0-3, MinObjects=0, CPUs=1, Nodes=1
Feb 11 13:25:32 linux_server kernel: [    0.000000] ftrace: allocating 39322 entries in 154 pages
Feb 11 13:25:32 linux_server kernel: [    0.004000] Hierarchical RCU implementation.
Feb 11 13:25:32 linux_server kernel: [    0.004000] 	RCU restricting CPUs from NR_CPUS=8192 to nr_cpu_ids=1.
Feb 11 13:25:32 linux_server kernel: [    0.004000] 	Tasks RCU enabled.
Feb 11 13:25:32 linux_server kernel: [    0.004000] RCU: Adjusting geometry for rcu_fanout_leaf=16, nr_cpu_ids=1
Feb 11 13:25:32 linux_server kernel: [    0.004000] NR_IRQS: 524544, nr_irqs: 256, preallocated irqs: 16
Feb 11 13:25:32 linux_server kernel: [    0.004000] Console: colour VGA+ 80x25
Feb 11 13:25:32 linux_server kernel: [    0.004000] console [tty0] enabled
Feb 11 13:25:32 linux_server kernel: [    0.004000] ACPI: Core revision 20170831
Feb 11 13:25:32 linux_server kernel: [    0.004000] ACPI: 2 ACPI AML tables successfully acquired and loaded
Feb 11 13:25:32 linux_server kernel: [    0.004000] APIC: Switch to symmetric I/O mode setup
Feb 11 13:25:32 linux_server kernel: [    0.004000] x2apic enabled
Feb 11 13:25:32 linux_server kernel: [    0.004000] Switched APIC routing to physical x2apic.
Feb 11 13:25:32 linux_server kernel: [    0.004000] ..TIMER: vector=0x30 apic1=0 pin1=2 apic2=-1 pin2=-1
Feb 11 13:25:32 linux_server kernel: [    0.004000] tsc: Detected 3593.248 MHz processor
Feb 11 13:25:32 linux_server kernel: [    0.004000] Calibrating delay loop (skipped) preset value.. 7186.49 BogoMIPS (lpj=14372992)
Feb 11 13:25:32 linux_server kernel: [    0.004000] pid_max: default: 32768 minimum: 301
Feb 11 13:25:32 linux_server kernel: [    0.004000] Security Framework initialized
Feb 11 13:25:32 linux_server kernel: [    0.004000] Yama: becoming mindful.
Feb 11 13:25:32 linux_server kernel: [    0.004000] AppArmor: AppArmor initialized
Feb 11 13:25:32 linux_server kernel: [    0.004000] Dentry cache hash table entries: 131072 (order: 8, 1048576 bytes)
Feb 11 13:25:32 linux_server kernel: [    0.004000] Inode-cache hash table entries: 65536 (order: 7, 524288 bytes)
Feb 11 13:25:32 linux_server kernel: [    0.004000] Mount-cache hash table entries: 2048 (order: 2, 16384 bytes)
Feb 11 13:25:32 linux_server kernel: [    0.004000] Mountpoint-cache hash table entries: 2048 (order: 2, 16384 bytes)
Feb 11 13:25:32 linux_server kernel: [    0.004000] CPU0: Hyper-Threading is disabled
Feb 11 13:25:32 linux_server kernel: [    0.004000] Last level iTLB entries: 4KB 1024, 2MB 1024, 4MB 512
Feb 11 13:25:32 linux_server kernel: [    0.004000] Last level dTLB entries: 4KB 2048, 2MB 2048, 4MB 1024, 1GB 0
Feb 11 13:25:32 linux_server kernel: [    0.004000] Spectre V1 : Mitigation: usercopy/swapgs barriers and __user pointer sanitization
Feb 11 13:25:32 linux_server kernel: [    0.004000] Spectre V2 : Spectre mitigation: LFENCE not serializing, switching to generic retpoline
Feb 11 13:25:32 linux_server kernel: [    0.004003] Spectre V2 : Mitigation: Full generic retpoline
Feb 11 13:25:32 linux_server kernel: [    0.004157] Spectre V2 : Spectre v2 / SpectreRSB mitigation: Filling RSB on context switch
Feb 11 13:25:32 linux_server kernel: [    0.004380] Speculative Store Bypass: Mitigation: Speculative Store Bypass disabled via prctl and seccomp
Feb 11 13:25:32 linux_server kernel: [    0.008000] Freeing SMP alternatives memory: 36K
Feb 11 13:25:32 linux_server kernel: [    0.118051] smpboot: CPU0: AMD Ryzen 5 3600 6-Core Processor (family: 0x17, model: 0x71, stepping: 0x0)
Feb 11 13:25:32 linux_server kernel: [    0.118372] Performance Events: PMU not available due to virtualization, using software events only.
Feb 11 13:25:32 linux_server kernel: [    0.118645] Hierarchical SRCU implementation.
Feb 11 13:25:32 linux_server kernel: [    0.119273] NMI watchdog: Perf event create on CPU 0 failed with -2
Feb 11 13:25:32 linux_server kernel: [    0.119438] NMI watchdog: Perf NMI watchdog permanently disabled
Feb 11 13:25:32 linux_server kernel: [    0.119621] smp: Bringing up secondary CPUs ...
Feb 11 13:25:32 linux_server kernel: [    0.119755] smp: Brought up 1 node, 1 CPU
Feb 11 13:25:32 linux_server kernel: [    0.119880] smpboot: Max logical packages: 1
Feb 11 13:25:32 linux_server kernel: [    0.120000] smpboot: Total of 1 processors activated (7186.49 BogoMIPS)
Feb 11 13:25:32 linux_server kernel: [    0.120000] devtmpfs: initialized
Feb 11 13:25:32 linux_server kernel: [    0.120000] x86/mm: Memory block size: 128MB
Feb 11 13:25:32 linux_server kernel: [    0.120000] evm: security.selinux
Feb 11 13:25:32 linux_server kernel: [    0.120000] evm: security.SMACK64
Feb 11 13:25:32 linux_server kernel: [    0.120000] evm: security.SMACK64EXEC
Feb 11 13:25:32 linux_server kernel: [    0.120000] evm: security.SMACK64TRANSMUTE
Feb 11 13:25:32 linux_server kernel: [    0.120000] evm: security.SMACK64MMAP
Feb 11 13:25:32 linux_server kernel: [    0.120000] evm: security.apparmor
Feb 11 13:25:32 linux_server kernel: [    0.120000] evm: security.ima
Feb 11 13:25:32 linux_server kernel: [    0.120000] evm: security.capability
Feb 11 13:25:32 linux_server kernel: [    0.120000] clocksource: jiffies: mask: 0xffffffff max_cycles: 0xffffffff, max_idle_ns: 7645041785100000 ns
Feb 11 13:25:32 linux_server kernel: [    0.120007] futex hash table entries: 256 (order: 2, 16384 bytes)
Feb 11 13:25:32 linux_server kernel: [    0.120194] pinctrl core: initialized pinctrl subsystem
Feb 11 13:25:32 linux_server kernel: [    0.120456] RTC time: 13:24:40, date: 02/11/20
Feb 11 13:25:32 linux_server kernel: [    0.120675] NET: Registered protocol family 16
Feb 11 13:25:32 linux_server kernel: [    0.120866] audit: initializing netlink subsys (disabled)
Feb 11 13:25:32 linux_server kernel: [    0.121099] cpuidle: using governor ladder
Feb 11 13:25:32 linux_server kernel: [    0.121228] cpuidle: using governor menu
Feb 11 13:25:32 linux_server kernel: [    0.121540] ACPI: bus type PCI registered
Feb 11 13:25:32 linux_server kernel: [    0.121668] acpiphp: ACPI Hot Plug PCI Controller Driver version: 0.5
Feb 11 13:25:32 linux_server kernel: [    0.121893] PCI: Using configuration type 1 for base access
Feb 11 13:25:32 linux_server kernel: [    0.122046] PCI: Using configuration type 1 for extended access
Feb 11 13:25:32 linux_server kernel: [    0.122814] audit: type=2000 audit(1581427519.949:1): state=initialized audit_enabled=0 res=1
Feb 11 13:25:32 linux_server kernel: [    0.123083] HugeTLB registered 2.00 MiB page size, pre-allocated 0 pages
Feb 11 13:25:32 linux_server kernel: [    0.124000] ACPI: Added _OSI(Module Device)
Feb 11 13:25:32 linux_server kernel: [    0.124000] ACPI: Added _OSI(Processor Device)
Feb 11 13:25:32 linux_server kernel: [    0.124000] ACPI: Added _OSI(3.0 _SCP Extensions)
Feb 11 13:25:32 linux_server kernel: [    0.124000] ACPI: Added _OSI(Processor Aggregator Device)
Feb 11 13:25:32 linux_server kernel: [    0.124000] ACPI: Added _OSI(Linux-Dell-Video)
Feb 11 13:25:32 linux_server kernel: [    0.124000] ACPI: Added _OSI(Linux-Lenovo-NV-HDMI-Audio)
Feb 11 13:25:32 linux_server kernel: [    0.124003] ACPI: Added _OSI(Linux-HPI-Hybrid-Graphics)
Feb 11 13:25:32 linux_server kernel: [    0.124347] ACPI: Executed 1 blocks of module-level executable AML code
Feb 11 13:25:32 linux_server kernel: [    0.126624] ACPI: Interpreter enabled
Feb 11 13:25:32 linux_server kernel: [    0.126755] ACPI: (supports S0 S5)
Feb 11 13:25:32 linux_server kernel: [    0.126873] ACPI: Using IOAPIC for interrupt routing
Feb 11 13:25:32 linux_server kernel: [    0.127166] PCI: Using host bridge windows from ACPI; if necessary, use "pci=nocrs" and report a bug
Feb 11 13:25:32 linux_server kernel: [    0.127513] ACPI: Enabled 2 GPEs in block 00 to 07
Feb 11 13:25:32 linux_server kernel: [    0.132359] ACPI: PCI Root Bridge [PCI0] (domain 0000 [bus 00-ff])
Feb 11 13:25:32 linux_server kernel: [    0.132534] acpi PNP0A03:00: _OSC: OS supports [ExtendedConfig ASPM ClockPM Segments MSI]
Feb 11 13:25:32 linux_server kernel: [    0.133407] acpi PNP0A03:00: _OSC: platform does not support [PCIeCapability]
Feb 11 13:25:32 linux_server kernel: [    0.133917] acpi PNP0A03:00: _OSC: not requesting control; platform does not support [PCIeCapability]
Feb 11 13:25:32 linux_server kernel: [    0.134160] acpi PNP0A03:00: _OSC: OS requested [PCIeHotplug PME AER PCIeCapability]
Feb 11 13:25:32 linux_server kernel: [    0.134375] acpi PNP0A03:00: _OSC: platform willing to grant [PCIeHotplug PME AER]
Feb 11 13:25:32 linux_server kernel: [    0.134589] acpi PNP0A03:00: _OSC failed (AE_SUPPORT); disabling ASPM
Feb 11 13:25:32 linux_server kernel: [    0.135012] PCI host bridge to bus 0000:00
Feb 11 13:25:32 linux_server kernel: [    0.135143] pci_bus 0000:00: root bus resource [io  0x0000-0x0cf7 window]
Feb 11 13:25:32 linux_server kernel: [    0.135319] pci_bus 0000:00: root bus resource [io  0x0d00-0xffff window]
Feb 11 13:25:32 linux_server kernel: [    0.135497] pci_bus 0000:00: root bus resource [mem 0x000a0000-0x000bffff window]
Feb 11 13:25:32 linux_server kernel: [    0.135997] pci_bus 0000:00: root bus resource [mem 0x40000000-0xfdffffff window]
Feb 11 13:25:32 linux_server kernel: [    0.136000] pci_bus 0000:00: root bus resource [bus 00-ff]
Feb 11 13:25:32 linux_server kernel: [    0.136037] pci 0000:00:00.0: [8086:1237] type 00 class 0x060000
Feb 11 13:25:32 linux_server kernel: [    0.136564] pci 0000:00:01.0: [8086:7000] type 00 class 0x060100
Feb 11 13:25:32 linux_server kernel: [    0.137048] pci 0000:00:01.1: [8086:7111] type 00 class 0x01018a
Feb 11 13:25:32 linux_server kernel: [    0.137310] pci 0000:00:01.1: reg 0x20: [io  0xd000-0xd00f]
Feb 11 13:25:32 linux_server kernel: [    0.137417] pci 0000:00:01.1: legacy IDE quirk: reg 0x10: [io  0x01f0-0x01f7]
Feb 11 13:25:32 linux_server kernel: [    0.137598] pci 0000:00:01.1: legacy IDE quirk: reg 0x14: [io  0x03f6]
Feb 11 13:25:32 linux_server kernel: [    0.137766] pci 0000:00:01.1: legacy IDE quirk: reg 0x18: [io  0x0170-0x0177]
Feb 11 13:25:32 linux_server kernel: [    0.137944] pci 0000:00:01.1: legacy IDE quirk: reg 0x1c: [io  0x0376]
Feb 11 13:25:32 linux_server kernel: [    0.138282] pci 0000:00:02.0: [15ad:0405] type 00 class 0x030000
Feb 11 13:25:32 linux_server kernel: [    0.138738] pci 0000:00:02.0: reg 0x10: [io  0xd010-0xd01f]
Feb 11 13:25:32 linux_server kernel: [    0.138968] pci 0000:00:02.0: reg 0x14: [mem 0xf0000000-0xf0ffffff pref]
Feb 11 13:25:32 linux_server kernel: [    0.139199] pci 0000:00:02.0: reg 0x18: [mem 0xf1000000-0xf11fffff]
Feb 11 13:25:32 linux_server kernel: [    0.140664] pci 0000:00:03.0: [8086:100e] type 00 class 0x020000
Feb 11 13:25:32 linux_server kernel: [    0.140869] pci 0000:00:03.0: reg 0x10: [mem 0xf1200000-0xf121ffff]
Feb 11 13:25:32 linux_server kernel: [    0.141146] pci 0000:00:03.0: reg 0x18: [io  0xd020-0xd027]
Feb 11 13:25:32 linux_server kernel: [    0.141963] pci 0000:00:04.0: [80ee:cafe] type 00 class 0x088000
Feb 11 13:25:32 linux_server kernel: [    0.142145] pci 0000:00:04.0: reg 0x10: [io  0xd040-0xd05f]
Feb 11 13:25:32 linux_server kernel: [    0.142279] pci 0000:00:04.0: reg 0x14: [mem 0xf1400000-0xf17fffff]
Feb 11 13:25:32 linux_server kernel: [    0.142413] pci 0000:00:04.0: reg 0x18: [mem 0xf1800000-0xf1803fff pref]
Feb 11 13:25:32 linux_server kernel: [    0.143121] pci 0000:00:05.0: [8086:2415] type 00 class 0x040100
Feb 11 13:25:32 linux_server kernel: [    0.143206] pci 0000:00:05.0: reg 0x10: [io  0xd100-0xd1ff]
Feb 11 13:25:32 linux_server kernel: [    0.143248] pci 0000:00:05.0: reg 0x14: [io  0xd200-0xd23f]
Feb 11 13:25:32 linux_server kernel: [    0.144192] pci 0000:00:06.0: [106b:003f] type 00 class 0x0c0310
Feb 11 13:25:32 linux_server kernel: [    0.144376] pci 0000:00:06.0: reg 0x10: [mem 0xf1804000-0xf1804fff]
Feb 11 13:25:32 linux_server kernel: [    0.145364] pci 0000:00:07.0: [8086:7113] type 00 class 0x068000
Feb 11 13:25:32 linux_server kernel: [    0.145722] pci 0000:00:07.0: quirk: [io  0x4000-0x403f] claimed by PIIX4 ACPI
Feb 11 13:25:32 linux_server kernel: [    0.145943] pci 0000:00:07.0: quirk: [io  0x4100-0x410f] claimed by PIIX4 SMB
Feb 11 13:25:32 linux_server kernel: [    0.146329] pci 0000:00:08.0: [8086:100e] type 00 class 0x020000
Feb 11 13:25:32 linux_server kernel: [    0.146534] pci 0000:00:08.0: reg 0x10: [mem 0xf1820000-0xf183ffff]
Feb 11 13:25:32 linux_server kernel: [    0.146804] pci 0000:00:08.0: reg 0x18: [io  0xd240-0xd247]
Feb 11 13:25:32 linux_server kernel: [    0.148003] pci 0000:00:0d.0: [8086:2829] type 00 class 0x010601
Feb 11 13:25:32 linux_server kernel: [    0.148199] pci 0000:00:0d.0: reg 0x10: [io  0xd248-0xd24f]
Feb 11 13:25:32 linux_server kernel: [    0.148333] pci 0000:00:0d.0: reg 0x14: [io  0xd250-0xd253]
Feb 11 13:25:32 linux_server kernel: [    0.148466] pci 0000:00:0d.0: reg 0x18: [io  0xd258-0xd25f]
Feb 11 13:25:32 linux_server kernel: [    0.148600] pci 0000:00:0d.0: reg 0x1c: [io  0xd260-0xd263]
Feb 11 13:25:32 linux_server kernel: [    0.148733] pci 0000:00:0d.0: reg 0x20: [io  0xd270-0xd27f]
Feb 11 13:25:32 linux_server kernel: [    0.148877] pci 0000:00:0d.0: reg 0x24: [mem 0xf1840000-0xf1841fff]
Feb 11 13:25:32 linux_server kernel: [    0.150095] ACPI: PCI Interrupt Link [LNKA] (IRQs 5 9 10 *11)
Feb 11 13:25:32 linux_server kernel: [    0.150456] ACPI: PCI Interrupt Link [LNKB] (IRQs 5 9 *10 11)
Feb 11 13:25:32 linux_server kernel: [    0.150682] ACPI: PCI Interrupt Link [LNKC] (IRQs 5 *9 10 11)
Feb 11 13:25:32 linux_server kernel: [    0.150910] ACPI: PCI Interrupt Link [LNKD] (IRQs 5 9 10 *11)
Feb 11 13:25:32 linux_server kernel: [    0.151266] SCSI subsystem initialized
Feb 11 13:25:32 linux_server kernel: [    0.151420] libata version 3.00 loaded.
Feb 11 13:25:32 linux_server kernel: [    0.151449] pci 0000:00:02.0: vgaarb: setting as boot VGA device
Feb 11 13:25:32 linux_server kernel: [    0.151611] pci 0000:00:02.0: vgaarb: VGA device added: decodes=io+mem,owns=io+mem,locks=none
Feb 11 13:25:32 linux_server kernel: [    0.152002] pci 0000:00:02.0: vgaarb: bridge control possible
Feb 11 13:25:32 linux_server kernel: [    0.152157] vgaarb: loaded
Feb 11 13:25:32 linux_server kernel: [    0.152270] ACPI: bus type USB registered
Feb 11 13:25:32 linux_server kernel: [    0.152403] usbcore: registered new interface driver usbfs
Feb 11 13:25:32 linux_server kernel: [    0.152558] usbcore: registered new interface driver hub
Feb 11 13:25:32 linux_server kernel: [    0.152711] usbcore: registered new device driver usb
Feb 11 13:25:32 linux_server kernel: [    0.152882] EDAC MC: Ver: 3.0.0
Feb 11 13:25:32 linux_server kernel: [    0.153197] PCI: Using ACPI for IRQ routing
Feb 11 13:25:32 linux_server kernel: [    0.153328] PCI: pci_cache_line_size set to 64 bytes
Feb 11 13:25:32 linux_server kernel: [    0.153462] e820: reserve RAM buffer [mem 0x0009fc00-0x0009ffff]
Feb 11 13:25:32 linux_server kernel: [    0.153463] e820: reserve RAM buffer [mem 0x3fff0000-0x3fffffff]
Feb 11 13:25:32 linux_server kernel: [    0.153518] NetLabel: Initializing
Feb 11 13:25:32 linux_server kernel: [    0.153635] NetLabel:  domain hash size = 128
Feb 11 13:25:32 linux_server kernel: [    0.153767] NetLabel:  protocols = UNLABELED CIPSOv4 CALIPSO
Feb 11 13:25:32 linux_server kernel: [    0.153951] NetLabel:  unlabeled traffic allowed by default
Feb 11 13:25:32 linux_server kernel: [    0.154167] clocksource: Switched to clocksource kvm-clock
Feb 11 13:25:32 linux_server kernel: [    0.161417] VFS: Disk quotas dquot_6.6.0
Feb 11 13:25:32 linux_server kernel: [    0.161570] VFS: Dquot-cache hash table entries: 512 (order 0, 4096 bytes)
Feb 11 13:25:32 linux_server kernel: [    0.161802] AppArmor: AppArmor Filesystem Enabled
Feb 11 13:25:32 linux_server kernel: [    0.161953] pnp: PnP ACPI init
Feb 11 13:25:32 linux_server kernel: [    0.162124] pnp 00:00: Plug and Play ACPI device, IDs PNP0303 (active)
Feb 11 13:25:32 linux_server kernel: [    0.162166] pnp 00:01: Plug and Play ACPI device, IDs PNP0f03 (active)
Feb 11 13:25:32 linux_server kernel: [    0.162662] pnp: PnP ACPI: found 2 devices
Feb 11 13:25:32 linux_server kernel: [    0.167895] clocksource: acpi_pm: mask: 0xffffff max_cycles: 0xffffff, max_idle_ns: 2085701024 ns
Feb 11 13:25:32 linux_server kernel: [    0.168005] pci_bus 0000:00: resource 4 [io  0x0000-0x0cf7 window]
Feb 11 13:25:32 linux_server kernel: [    0.168005] pci_bus 0000:00: resource 5 [io  0x0d00-0xffff window]
Feb 11 13:25:32 linux_server kernel: [    0.168005] pci_bus 0000:00: resource 6 [mem 0x000a0000-0x000bffff window]
Feb 11 13:25:32 linux_server kernel: [    0.168005] pci_bus 0000:00: resource 7 [mem 0x40000000-0xfdffffff window]
Feb 11 13:25:32 linux_server kernel: [    0.168005] NET: Registered protocol family 2
Feb 11 13:25:32 linux_server kernel: [    0.168005] TCP established hash table entries: 8192 (order: 4, 65536 bytes)
Feb 11 13:25:32 linux_server kernel: [    0.168005] TCP bind hash table entries: 8192 (order: 5, 131072 bytes)
Feb 11 13:25:32 linux_server kernel: [    0.168005] TCP: Hash tables configured (established 8192 bind 8192)
Feb 11 13:25:32 linux_server kernel: [    0.168005] UDP hash table entries: 512 (order: 2, 16384 bytes)
Feb 11 13:25:32 linux_server kernel: [    0.168005] UDP-Lite hash table entries: 512 (order: 2, 16384 bytes)
Feb 11 13:25:32 linux_server kernel: [    0.169331] NET: Registered protocol family 1
Feb 11 13:25:32 linux_server kernel: [    0.169471] pci 0000:00:00.0: Limiting direct PCI/PCI transfers
Feb 11 13:25:32 linux_server kernel: [    0.169644] pci 0000:00:01.0: Activating ISA DMA hang workarounds
Feb 11 13:25:32 linux_server kernel: [    0.169836] pci 0000:00:02.0: Video device with shadowed ROM at [mem 0x000c0000-0x000dffff]
Feb 11 13:25:32 linux_server kernel: [    0.170910] PCI: CLS 0 bytes, default 64
Feb 11 13:25:32 linux_server kernel: [    0.170931] Unpacking initramfs...
Feb 11 13:25:32 linux_server kernel: [    0.828006] Freeing initrd memory: 60316K
Feb 11 13:25:32 linux_server kernel: [    0.828006] clocksource: tsc: mask: 0xffffffffffffffff max_cycles: 0x33cb68e6ea4, max_idle_ns: 440795288133 ns
Feb 11 13:25:32 linux_server kernel: [    0.828006] platform rtc_cmos: registered platform RTC device (no PNP device found)
Feb 11 13:25:32 linux_server kernel: [    0.828006] Scanning for low memory corruption every 60 seconds
Feb 11 13:25:32 linux_server kernel: [    0.829319] Initialise system trusted keyrings
Feb 11 13:25:32 linux_server kernel: [    0.829465] Key type blacklist registered
Feb 11 13:25:32 linux_server kernel: [    0.829615] workingset: timestamp_bits=36 max_order=18 bucket_order=0
Feb 11 13:25:32 linux_server kernel: [    0.830408] zbud: loaded
Feb 11 13:25:32 linux_server kernel: [    0.832464] squashfs: version 4.0 (2009/01/31) Phillip Lougher
Feb 11 13:25:32 linux_server kernel: [    0.832700] fuse init (API version 7.26)
Feb 11 13:25:32 linux_server kernel: [    0.833530] Key type asymmetric registered
Feb 11 13:25:32 linux_server kernel: [    0.833661] Asymmetric key parser 'x509' registered
Feb 11 13:25:32 linux_server kernel: [    0.833832] Block layer SCSI generic (bsg) driver version 0.4 loaded (major 246)
Feb 11 13:25:32 linux_server kernel: [    0.834049] io scheduler noop registered
Feb 11 13:25:32 linux_server kernel: [    0.834172] io scheduler deadline registered
Feb 11 13:25:32 linux_server kernel: [    0.834314] io scheduler cfq registered (default)
Feb 11 13:25:32 linux_server kernel: [    0.834578] ACPI: AC Adapter [AC] (on-line)
Feb 11 13:25:32 linux_server kernel: [    0.834753] input: Power Button as /devices/LNXSYSTM:00/LNXPWRBN:00/input/input0
Feb 11 13:25:32 linux_server kernel: [    0.834968] ACPI: Power Button [PWRF]
Feb 11 13:25:32 linux_server kernel: [    0.835133] input: Sleep Button as /devices/LNXSYSTM:00/LNXSLPBN:00/input/input1
Feb 11 13:25:32 linux_server kernel: [    0.835342] ACPI: Sleep Button [SLPF]
Feb 11 13:25:32 linux_server kernel: [    0.835590] Serial: 8250/16550 driver, 32 ports, IRQ sharing enabled
Feb 11 13:25:32 linux_server kernel: [    0.836478] Linux agpgart interface v0.103
Feb 11 13:25:32 linux_server kernel: [    0.837179] loop: module loaded
Feb 11 13:25:32 linux_server kernel: [    0.837341] ata_piix 0000:00:01.1: version 2.13
Feb 11 13:25:32 linux_server kernel: [    0.837557] scsi host0: ata_piix
Feb 11 13:25:32 linux_server kernel: [    0.837724] scsi host1: ata_piix
Feb 11 13:25:32 linux_server kernel: [    0.837849] ata1: PATA max UDMA/33 cmd 0x1f0 ctl 0x3f6 bmdma 0xd000 irq 14
Feb 11 13:25:32 linux_server kernel: [    0.838023] ata2: PATA max UDMA/33 cmd 0x170 ctl 0x376 bmdma 0xd008 irq 15
Feb 11 13:25:32 linux_server kernel: [    0.838231] libphy: Fixed MDIO Bus: probed
Feb 11 13:25:32 linux_server kernel: [    0.838358] tun: Universal TUN/TAP device driver, 1.6
Feb 11 13:25:32 linux_server kernel: [    0.838673] PPP generic driver version 2.4.2
Feb 11 13:25:32 linux_server kernel: [    0.838820] ehci_hcd: USB 2.0 'Enhanced' Host Controller (EHCI) Driver
Feb 11 13:25:32 linux_server kernel: [    0.838989] ehci-pci: EHCI PCI platform driver
Feb 11 13:25:32 linux_server kernel: [    0.839125] ehci-platform: EHCI generic platform driver
Feb 11 13:25:32 linux_server kernel: [    0.839273] ohci_hcd: USB 1.1 'Open' Host Controller (OHCI) Driver
Feb 11 13:25:32 linux_server kernel: [    0.839435] ohci-pci: OHCI PCI platform driver
Feb 11 13:25:32 linux_server kernel: [    0.840018] ohci-pci 0000:00:06.0: OHCI PCI host controller
Feb 11 13:25:32 linux_server kernel: [    0.840175] ohci-pci 0000:00:06.0: new USB bus registered, assigned bus number 1
Feb 11 13:25:32 linux_server kernel: [    0.840415] ohci-pci 0000:00:06.0: irq 22, io mem 0xf1804000
Feb 11 13:25:32 linux_server kernel: [    0.900362] usb usb1: New USB device found, idVendor=1d6b, idProduct=0001
Feb 11 13:25:32 linux_server kernel: [    0.900543] usb usb1: New USB device strings: Mfr=3, Product=2, SerialNumber=1
Feb 11 13:25:32 linux_server kernel: [    0.900744] usb usb1: Product: OHCI PCI host controller
Feb 11 13:25:32 linux_server kernel: [    0.900888] usb usb1: Manufacturer: Linux 4.15.0-74-generic ohci_hcd
Feb 11 13:25:32 linux_server kernel: [    0.901058] usb usb1: SerialNumber: 0000:00:06.0
Feb 11 13:25:32 linux_server kernel: [    0.901274] hub 1-0:1.0: USB hub found
Feb 11 13:25:32 linux_server kernel: [    0.901400] hub 1-0:1.0: 12 ports detected
Feb 11 13:25:32 linux_server kernel: [    0.901726] ohci-platform: OHCI generic platform driver
Feb 11 13:25:32 linux_server kernel: [    0.901879] uhci_hcd: USB Universal Host Controller Interface driver
Feb 11 13:25:32 linux_server kernel: [    0.902105] i8042: PNP: PS/2 Controller [PNP0303:PS2K,PNP0f03:PS2M] at 0x60,0x64 irq 1,12
Feb 11 13:25:32 linux_server kernel: [    0.902678] serio: i8042 KBD port at 0x60,0x64 irq 1
Feb 11 13:25:32 linux_server kernel: [    0.902834] serio: i8042 AUX port at 0x60,0x64 irq 12
Feb 11 13:25:32 linux_server kernel: [    0.903033] mousedev: PS/2 mouse device common for all mice
Feb 11 13:25:32 linux_server kernel: [    0.903375] input: AT Translated Set 2 keyboard as /devices/platform/i8042/serio0/input/input2
Feb 11 13:25:32 linux_server kernel: [    0.903838] rtc_cmos rtc_cmos: rtc core: registered rtc_cmos as rtc0
Feb 11 13:25:32 linux_server kernel: [    0.904009] rtc_cmos rtc_cmos: alarms up to one day, 114 bytes nvram
Feb 11 13:25:32 linux_server kernel: [    0.904009] i2c /dev entries driver
Feb 11 13:25:32 linux_server kernel: [    0.904009] device-mapper: uevent: version 1.0.3
Feb 11 13:25:32 linux_server kernel: [    0.904009] device-mapper: ioctl: 4.37.0-ioctl (2017-09-20) initialised: dm-devel@redhat.com
Feb 11 13:25:32 linux_server kernel: [    0.904009] ledtrig-cpu: registered to indicate activity on CPUs
Feb 11 13:25:32 linux_server kernel: [    0.905104] NET: Registered protocol family 10
Feb 11 13:25:32 linux_server kernel: [    0.907088] Segment Routing with IPv6
Feb 11 13:25:32 linux_server kernel: [    0.907236] NET: Registered protocol family 17
Feb 11 13:25:32 linux_server kernel: [    0.907390] Key type dns_resolver registered
Feb 11 13:25:32 linux_server kernel: [    0.907582] mce: Using 0 MCE banks
Feb 11 13:25:32 linux_server kernel: [    0.907703] RAS: Correctable Errors collector initialized.
Feb 11 13:25:32 linux_server kernel: [    0.907857] sched_clock: Marking stable (904925735, 0)->(953990720, -49064985)
Feb 11 13:25:32 linux_server kernel: [    0.908112] registered taskstats version 1
Feb 11 13:25:32 linux_server kernel: [    0.908242] Loading compiled-in X.509 certificates
Feb 11 13:25:32 linux_server kernel: [    0.909464] Loaded X.509 cert 'Build time autogenerated kernel key: 62d24f9c726e026b112735485dad6e6e4b50c923'
Feb 11 13:25:32 linux_server kernel: [    0.909721] zswap: loaded using pool lzo/zbud
Feb 11 13:25:32 linux_server kernel: [    0.911299] Key type big_key registered
Feb 11 13:25:32 linux_server kernel: [    0.911428] Key type trusted registered
Feb 11 13:25:32 linux_server kernel: [    0.912263] Key type encrypted registered
Feb 11 13:25:32 linux_server kernel: [    0.912395] AppArmor: AppArmor sha1 policy hashing enabled
Feb 11 13:25:32 linux_server kernel: [    0.912546] ima: No TPM chip found, activating TPM-bypass! (rc=-19)
Feb 11 13:25:32 linux_server kernel: [    0.912713] ima: Allocated hash algorithm: sha1
Feb 11 13:25:32 linux_server kernel: [    0.912855] evm: HMAC attrs: 0x1
Feb 11 13:25:32 linux_server kernel: [    0.913183]   Magic number: 8:553:432
Feb 11 13:25:32 linux_server kernel: [    0.913358] rtc_cmos rtc_cmos: setting system clock to 2020-02-11 13:24:41 UTC (1581427481)
Feb 11 13:25:32 linux_server kernel: [    0.913617] BIOS EDD facility v0.16 2004-Jun-25, 0 devices found
Feb 11 13:25:32 linux_server kernel: [    0.913777] EDD information not available.
Feb 11 13:25:32 linux_server kernel: [    1.007393] ata2.00: ATAPI: VBOX CD-ROM, 1.0, max UDMA/133
Feb 11 13:25:32 linux_server kernel: [    1.007817] ata2.00: configured for UDMA/33
Feb 11 13:25:32 linux_server kernel: [    1.008270] scsi 1:0:0:0: CD-ROM            VBOX     CD-ROM           1.0  PQ: 0 ANSI: 5
Feb 11 13:25:32 linux_server kernel: [    1.032684] sr 1:0:0:0: [sr0] scsi3-mmc drive: 32x/32x xa/form2 tray
Feb 11 13:25:32 linux_server kernel: [    1.032857] cdrom: Uniform CD-ROM driver Revision: 3.20
Feb 11 13:25:32 linux_server kernel: [    1.033083] sr 1:0:0:0: Attached scsi CD-ROM sr0
Feb 11 13:25:32 linux_server kernel: [    1.033224] sr 1:0:0:0: Attached scsi generic sg0 type 5
Feb 11 13:25:32 linux_server kernel: [    1.035153] Freeing unused kernel image memory: 2428K
Feb 11 13:25:32 linux_server kernel: [    1.044193] Write protecting the kernel read-only data: 20480k
Feb 11 13:25:32 linux_server kernel: [    1.044642] Freeing unused kernel image memory: 2008K
Feb 11 13:25:32 linux_server kernel: [    1.044935] Freeing unused kernel image memory: 1884K
Feb 11 13:25:32 linux_server kernel: [    1.050542] x86/mm: Checked W+X mappings: passed, no W+X pages found.
Feb 11 13:25:32 linux_server kernel: [    1.100580] ACPI: Video Device [GFX0] (multi-head: yes  rom: no  post: no)
Feb 11 13:25:32 linux_server kernel: [    1.100805] input: Video Bus as /devices/LNXSYSTM:00/LNXSYBUS:00/PNP0A03:00/LNXVIDEO:00/input/input4
Feb 11 13:25:32 linux_server kernel: [    1.111965] e1000: Intel(R) PRO/1000 Network Driver - version 7.3.21-k8-NAPI
Feb 11 13:25:32 linux_server kernel: [    1.112148] e1000: Copyright (c) 1999-2006 Intel Corporation.
Feb 11 13:25:32 linux_server kernel: [    1.137543] AVX2 version of gcm_enc/dec engaged.
Feb 11 13:25:32 linux_server kernel: [    1.137688] AES CTR mode by8 optimization enabled
Feb 11 13:25:32 linux_server kernel: [    1.330388] input: ImExPS/2 Generic Explorer Mouse as /devices/platform/i8042/serio1/input/input5
Feb 11 13:25:32 linux_server kernel: [    1.358486] usb 1-1: new full-speed USB device number 2 using ohci-pci
Feb 11 13:25:32 linux_server kernel: [    1.499485] e1000 0000:00:03.0 eth0: (PCI:33MHz:32-bit) 08:00:27:f6:62:ae
Feb 11 13:25:32 linux_server kernel: [    1.499671] e1000 0000:00:03.0 eth0: Intel(R) PRO/1000 Network Connection
Feb 11 13:25:32 linux_server kernel: [    1.499919] piix4_smbus 0000:00:07.0: SMBus Host Controller at 0x4100, revision 0
Feb 11 13:25:32 linux_server kernel: [    1.500283] ahci 0000:00:0d.0: version 3.0
Feb 11 13:25:32 linux_server kernel: [    1.500745] ahci 0000:00:0d.0: SSS flag set, parallel bus scan disabled
Feb 11 13:25:32 linux_server kernel: [    1.500986] ahci 0000:00:0d.0: AHCI 0001.0100 32 slots 1 ports 3 Gbps 0x1 impl SATA mode
Feb 11 13:25:32 linux_server kernel: [    1.501205] ahci 0000:00:0d.0: flags: 64bit ncq stag only ccc 
Feb 11 13:25:32 linux_server kernel: [    1.501969] scsi host2: ahci
Feb 11 13:25:32 linux_server kernel: [    1.502158] ata3: SATA max UDMA/133 abar m8192@0xf1840000 port 0xf1840100 irq 21
Feb 11 13:25:32 linux_server kernel: [    1.502968] [drm] DMA map mode: Using physical TTM page addresses.
Feb 11 13:25:32 linux_server kernel: [    1.503474] [drm] Capabilities:
Feb 11 13:25:32 linux_server kernel: [    1.503585] [drm]   Cursor.
Feb 11 13:25:32 linux_server kernel: [    1.503689] [drm]   Cursor bypass 2.
Feb 11 13:25:32 linux_server kernel: [    1.503806] [drm]   Alpha cursor.
Feb 11 13:25:32 linux_server kernel: [    1.503919] [drm]   3D.
Feb 11 13:25:32 linux_server kernel: [    1.504022] [drm]   Extended Fifo.
Feb 11 13:25:32 linux_server kernel: [    1.504137] [drm]   Pitchlock.
Feb 11 13:25:32 linux_server kernel: [    1.504245] [drm]   Irq mask.
Feb 11 13:25:32 linux_server kernel: [    1.504351] [drm]   GMR.
Feb 11 13:25:32 linux_server kernel: [    1.504452] [drm]   Traces.
Feb 11 13:25:32 linux_server kernel: [    1.504555] [drm]   GMR2.
Feb 11 13:25:32 linux_server kernel: [    1.504656] [drm]   Screen Object 2.
Feb 11 13:25:32 linux_server kernel: [    1.504773] [drm] Max GMR ids is 8192
Feb 11 13:25:32 linux_server kernel: [    1.504892] [drm] Max number of GMR pages is 1048576
Feb 11 13:25:32 linux_server kernel: [    1.505033] [drm] Max dedicated hypervisor surface memory is 507904 kiB
Feb 11 13:25:32 linux_server kernel: [    1.505203] [drm] Maximum display memory size is 16384 kiB
Feb 11 13:25:32 linux_server kernel: [    1.505353] [drm] VRAM at 0xf0000000 size is 16384 kiB
Feb 11 13:25:32 linux_server kernel: [    1.505514] [drm] MMIO at 0xf1000000 size is 2048 kiB
Feb 11 13:25:32 linux_server kernel: [    1.505723] [drm] global init.
Feb 11 13:25:32 linux_server kernel: [    1.505854] [TTM] Zone  kernel: Available graphics memory: 504408 kiB
Feb 11 13:25:32 linux_server kernel: [    1.506021] [TTM] Initializing pool allocator
Feb 11 13:25:32 linux_server kernel: [    1.506152] [TTM] Initializing DMA pool allocator
Feb 11 13:25:32 linux_server kernel: [    1.506348] [drm] Supports vblank timestamp caching Rev 2 (21.10.2013).
Feb 11 13:25:32 linux_server kernel: [    1.506520] [drm] No driver support for vblank timestamp query.
Feb 11 13:25:32 linux_server kernel: [    1.507089] [drm] Screen Objects Display Unit initialized
Feb 11 13:25:32 linux_server kernel: [    1.507274] [drm] width 720
Feb 11 13:25:32 linux_server kernel: [    1.507387] [drm] height 400
Feb 11 13:25:32 linux_server kernel: [    1.507499] [drm] bpp 32
Feb 11 13:25:32 linux_server kernel: [    1.507719] [drm] Fifo max 0x00200000 min 0x00001000 cap 0x00000355
Feb 11 13:25:32 linux_server kernel: [    1.508600] [drm] DX: no.
Feb 11 13:25:32 linux_server kernel: [    1.509203] [drm] Atomic: yes
Feb 11 13:25:32 linux_server kernel: [    1.509835] [drm:vmw_host_log [vmwgfx]] *ERROR* Failed to send log
Feb 11 13:25:32 linux_server kernel: [    1.510657] [drm:vmw_host_log [vmwgfx]] *ERROR* Failed to send log
Feb 11 13:25:32 linux_server kernel: [    1.512934] fbcon: svgadrmfb (fb0) is primary device
Feb 11 13:25:32 linux_server kernel: [    1.514539] Console: switching to colour frame buffer device 100x37
Feb 11 13:25:32 linux_server kernel: [    1.515257] [drm] Initialized vmwgfx 2.14.0 20170612 for 0000:00:02.0 on minor 0
Feb 11 13:25:32 linux_server kernel: [    1.713282] usb 1-1: New USB device found, idVendor=80ee, idProduct=0021
Feb 11 13:25:32 linux_server kernel: [    1.713304] usb 1-1: New USB device strings: Mfr=1, Product=3, SerialNumber=0
Feb 11 13:25:32 linux_server kernel: [    1.713321] usb 1-1: Product: USB Tablet
Feb 11 13:25:32 linux_server kernel: [    1.713332] usb 1-1: Manufacturer: VirtualBox
Feb 11 13:25:32 linux_server kernel: [    1.723578] hidraw: raw HID events driver (C) Jiri Kosina
Feb 11 13:25:32 linux_server kernel: [    1.740082] usbcore: registered new interface driver usbhid
Feb 11 13:25:32 linux_server kernel: [    1.740097] usbhid: USB HID core driver
Feb 11 13:25:32 linux_server kernel: [    1.741068] input: VirtualBox USB Tablet as /devices/pci0000:00/0000:00:06.0/usb1/1-1/1-1:1.0/0003:80EE:0021.0001/input/input6
Feb 11 13:25:32 linux_server kernel: [    1.741179] hid-generic 0003:80EE:0021.0001: input,hidraw0: USB HID v1.10 Mouse [VirtualBox USB Tablet] on usb-0000:00:06.0-1/input0
Feb 11 13:25:32 linux_server kernel: [    1.824386] ata3: SATA link up 3.0 Gbps (SStatus 123 SControl 300)
Feb 11 13:25:32 linux_server kernel: [    1.824864] ata3.00: ATA-6: VBOX HARDDISK, 1.0, max UDMA/133
Feb 11 13:25:32 linux_server kernel: [    1.825219] ata3.00: 83965952 sectors, multi 128: LBA48 NCQ (depth 31/32)
Feb 11 13:25:32 linux_server kernel: [    1.825617] random: fast init done
Feb 11 13:25:32 linux_server kernel: [    1.826003] ata3.00: configured for UDMA/133
Feb 11 13:25:32 linux_server kernel: [    1.826466] scsi 2:0:0:0: Direct-Access     ATA      VBOX HARDDISK    1.0  PQ: 0 ANSI: 5
Feb 11 13:25:32 linux_server kernel: [    1.826946] sd 2:0:0:0: [sda] 83965952 512-byte logical blocks: (43.0 GB/40.0 GiB)
Feb 11 13:25:32 linux_server kernel: [    1.827331] sd 2:0:0:0: [sda] Write Protect is off
Feb 11 13:25:32 linux_server kernel: [    1.827700] sd 2:0:0:0: [sda] Mode Sense: 00 3a 00 00
Feb 11 13:25:32 linux_server kernel: [    1.827708] sd 2:0:0:0: Attached scsi generic sg1 type 0
Feb 11 13:25:32 linux_server kernel: [    1.828085] sd 2:0:0:0: [sda] Write cache: enabled, read cache: enabled, doesn't support DPO or FUA
Feb 11 13:25:32 linux_server kernel: [    1.828970] random: systemd-udevd: uninitialized urandom read (16 bytes read)
Feb 11 13:25:32 linux_server kernel: [    1.829373] random: systemd-udevd: uninitialized urandom read (16 bytes read)
Feb 11 13:25:32 linux_server kernel: [    1.829759] random: systemd-udevd: uninitialized urandom read (16 bytes read)
Feb 11 13:25:32 linux_server kernel: [    1.862994] e1000 0000:00:08.0 eth1: (PCI:33MHz:32-bit) 08:00:27:4f:07:78
Feb 11 13:25:32 linux_server kernel: [    1.863396] e1000 0000:00:08.0 eth1: Intel(R) PRO/1000 Network Connection
Feb 11 13:25:32 linux_server kernel: [    1.864478] e1000 0000:00:08.0 enp0s8: renamed from eth1
Feb 11 13:25:32 linux_server kernel: [    1.865854] e1000 0000:00:03.0 enp0s3: renamed from eth0
Feb 11 13:25:32 linux_server kernel: [    2.006762]  sda: sda1 sda2
Feb 11 13:25:32 linux_server kernel: [    2.007552] sd 2:0:0:0: [sda] Attached SCSI disk
Feb 11 13:25:32 linux_server kernel: [    3.112311] raid6: sse2x1   gen()  8321 MB/s
Feb 11 13:25:32 linux_server kernel: [    3.160184] raid6: sse2x1   xor()  8161 MB/s
Feb 11 13:25:32 linux_server kernel: [    3.208062] raid6: sse2x2   gen() 17035 MB/s
Feb 11 13:25:32 linux_server kernel: [    3.256931] raid6: sse2x2   xor() 11137 MB/s
Feb 11 13:25:32 linux_server kernel: [    3.304800] raid6: sse2x4   gen() 17933 MB/s
Feb 11 13:25:32 linux_server kernel: [    3.352679] raid6: sse2x4   xor()  9731 MB/s
Feb 11 13:25:32 linux_server kernel: [    3.400561] raid6: avx2x1   gen() 19303 MB/s
Feb 11 13:25:32 linux_server kernel: [    3.448440] raid6: avx2x1   xor() 15397 MB/s
Feb 11 13:25:32 linux_server kernel: [    3.496331] raid6: avx2x2   gen() 32275 MB/s
Feb 11 13:25:32 linux_server kernel: [    3.544196] raid6: avx2x2   xor() 21215 MB/s
Feb 11 13:25:32 linux_server kernel: [    3.592077] raid6: avx2x4   gen() 36344 MB/s
Feb 11 13:25:32 linux_server kernel: [    3.640936] raid6: avx2x4   xor() 18042 MB/s
Feb 11 13:25:32 linux_server kernel: [    3.641296] raid6: using algorithm avx2x4 gen() 36344 MB/s
Feb 11 13:25:32 linux_server kernel: [    3.641627] raid6: .... xor() 18042 MB/s, rmw enabled
Feb 11 13:25:32 linux_server kernel: [    3.641950] raid6: using avx2x2 recovery algorithm
Feb 11 13:25:32 linux_server kernel: [    3.643646] xor: automatically using best checksumming function   avx       
Feb 11 13:25:32 linux_server kernel: [    3.644868] async_tx: api initialized (async)
Feb 11 13:25:32 linux_server kernel: [    3.676722] Btrfs loaded, crc32c=crc32c-intel
Feb 11 13:25:32 linux_server kernel: [    4.214493] EXT4-fs (sda2): INFO: recovery required on readonly filesystem
Feb 11 13:25:32 linux_server kernel: [    4.214859] EXT4-fs (sda2): write access will be enabled during recovery
Feb 11 13:25:32 linux_server kernel: [    5.754734] random: crng init done
Feb 11 13:25:32 linux_server kernel: [    5.755140] random: 7 urandom warning(s) missed due to ratelimiting
Feb 11 13:25:32 linux_server kernel: [   18.273190] EXT4-fs (sda2): orphan cleanup on readonly fs
Feb 11 13:25:32 linux_server kernel: [   18.453173] EXT4-fs (sda2): 6 orphan inodes deleted
Feb 11 13:25:32 linux_server kernel: [   18.453636] EXT4-fs (sda2): recovery complete
Feb 11 13:25:32 linux_server kernel: [   19.258778] EXT4-fs (sda2): mounted filesystem with ordered data mode. Opts: (null)
Feb 11 13:25:32 linux_server kernel: [   22.558590] ip_tables: (C) 2000-2006 Netfilter Core Team
Feb 11 13:25:32 linux_server kernel: [   25.687232] EXT4-fs (sda2): re-mounted. Opts: (null)
Feb 11 13:25:32 linux_server kernel: [   26.209447] Adding 1599484k swap on /swap.img.  Priority:-2 extents:4 across:1968124k FS
Feb 11 13:25:32 linux_server kernel: [   26.735647] lp: driver loaded but no devices found
Feb 11 13:25:32 linux_server kernel: [   26.900851] ppdev: user-space parallel port driver
Feb 11 13:25:32 linux_server kernel: [   26.973917] nf_conntrack version 0.5.0 (8192 buckets, 32768 max)
Feb 11 13:25:32 linux_server kernel: [   27.151470] Loading iSCSI transport class v2.0-870.
Feb 11 13:25:32 linux_server kernel: [   27.257353] iscsi: registered transport (tcp)
Feb 11 13:25:32 linux_server kernel: [   27.554079] iscsi: registered transport (iser)
Feb 11 13:25:32 linux_server kernel: [   27.562248] ip6_tables: (C) 2000-2006 Netfilter Core Team
Feb 11 13:25:32 linux_server kernel: [   33.698719] audit: type=1400 audit(1581427514.280:2): apparmor="STATUS" operation="profile_load" profile="unconfined" name="lxc-container-default" pid=543 comm="apparmor_parser"
Feb 11 13:25:32 linux_server kernel: [   33.698721] audit: type=1400 audit(1581427514.280:3): apparmor="STATUS" operation="profile_load" profile="unconfined" name="lxc-container-default-cgns" pid=543 comm="apparmor_parser"
Feb 11 13:25:32 linux_server kernel: [   33.698722] audit: type=1400 audit(1581427514.280:4): apparmor="STATUS" operation="profile_load" profile="unconfined" name="lxc-container-default-with-mounting" pid=543 comm="apparmor_parser"
Feb 11 13:25:32 linux_server kernel: [   33.698723] audit: type=1400 audit(1581427514.280:5): apparmor="STATUS" operation="profile_load" profile="unconfined" name="lxc-container-default-with-nesting" pid=543 comm="apparmor_parser"
Feb 11 13:25:32 linux_server kernel: [   33.802175] audit: type=1400 audit(1581427514.384:6): apparmor="STATUS" operation="profile_load" profile="unconfined" name="/sbin/dhclient" pid=554 comm="apparmor_parser"
Feb 11 13:25:32 linux_server kernel: [   33.802178] audit: type=1400 audit(1581427514.384:7): apparmor="STATUS" operation="profile_load" profile="unconfined" name="/usr/lib/NetworkManager/nm-dhcp-client.action" pid=554 comm="apparmor_parser"
Feb 11 13:25:32 linux_server kernel: [   33.802179] audit: type=1400 audit(1581427514.384:8): apparmor="STATUS" operation="profile_load" profile="unconfined" name="/usr/lib/NetworkManager/nm-dhcp-helper" pid=554 comm="apparmor_parser"
Feb 11 13:25:32 linux_server kernel: [   33.802181] audit: type=1400 audit(1581427514.384:9): apparmor="STATUS" operation="profile_load" profile="unconfined" name="/usr/lib/connman/scripts/dhclient-script" pid=554 comm="apparmor_parser"
Feb 11 13:25:32 linux_server kernel: [   34.273076] audit: type=1400 audit(1581427514.856:10): apparmor="STATUS" operation="profile_load" profile="unconfined" name="/usr/bin/evince" pid=558 comm="apparmor_parser"
Feb 11 13:25:32 linux_server kernel: [   34.273078] audit: type=1400 audit(1581427514.856:11): apparmor="STATUS" operation="profile_load" profile="unconfined" name="/usr/bin/evince//sanitized_helper" pid=558 comm="apparmor_parser"
Feb 11 13:25:32 linux_server kernel: [   35.081762] vgdrvHeartbeatInit: Setting up heartbeat to trigger every 2000 milliseconds
Feb 11 13:25:32 linux_server kernel: [   35.081825] input: Unspecified device as /devices/pci0000:00/0000:00:04.0/input/input7
Feb 11 13:25:32 linux_server kernel: [   35.081891] vboxguest: misc device minor 55, IRQ 20, I/O port d040, MMIO at 00000000f1400000 (size 0x400000)
Feb 11 13:25:32 linux_server kernel: [   35.081892] vboxguest: Successfully loaded version 5.2.8_KernelUbuntu (interface 0x00010004)
Feb 11 13:25:32 linux_server kernel: [   36.440559] Decoding supported only on Scalable MCA processors.
Feb 11 13:25:32 linux_server kernel: [   38.880311] snd_intel8x0 0000:00:05.0: white list rate for 1028:0177 is 48000
Feb 11 13:25:32 linux_server kernel: [   46.272322] IPv6: ADDRCONF(NETDEV_UP): enp0s3: link is not ready
Feb 11 13:25:32 linux_server kernel: [   46.277049] e1000: enp0s3 NIC Link is Up 1000 Mbps Full Duplex, Flow Control: RX
Feb 11 13:25:32 linux_server kernel: [   46.277263] IPv6: ADDRCONF(NETDEV_CHANGE): enp0s3: link becomes ready
Feb 11 13:25:32 linux_server kernel: [   46.967818] IPv6: ADDRCONF(NETDEV_UP): enp0s8: link is not ready
Feb 11 13:25:32 linux_server kernel: [   46.972411] e1000: enp0s8 NIC Link is Up 1000 Mbps Full Duplex, Flow Control: RX
Feb 11 13:25:32 linux_server kernel: [   46.972640] IPv6: ADDRCONF(NETDEV_CHANGE): enp0s8: link becomes ready
Feb 11 13:25:32 linux_server kernel: [   50.399002] new mount options do not match the existing superblock, will be ignored
Feb 11 14:17:39 linux_server kernel: [ 3178.091514] nf_conntrack: default automatic helper assignment has been turned off for security reasons and CT-based  firewall rule not found. Use the iptables CT target to attach helpers instead.
